  Determining projects to restore...
  All projects are up-to-date for restore.
  HengcordTCG.Shared -> D:\Projects\TCGBot\HengcordTCG.Shared\bin\Debug\net10.0\HengcordTCG.Shared.dll
  HengcordTCG.Bot -> D:\Projects\TCGBot\HengcordTCG.Bot\bin\Debug\net10.0\HengcordTCG.Bot.dll
  HengcordTCG.Server -> D:\Projects\TCGBot\HengcordTCG.Server\bin\Debug\net10.0\HengcordTCG.Server.dll
D:\Projects\TCGBot\HengcordTCG.Blazor\HengcordTCG.Blazor.Client\Services\AuthService.cs(241,82): warning CS8604: Possible null reference argument for parameter 'token' in 'bool AuthService.ExtractIsAdminFromToken(string token)'. [D:\Projects\TCGBot\HengcordTCG.Blazor\HengcordTCG.Blazor.Client\HengcordTCG.Blazor.Client.csproj]
  HengcordTCG.Blazor.Client -> D:\Projects\TCGBot\HengcordTCG.Blazor\HengcordTCG.Blazor.Client\bin\Debug\net10.0\HengcordTCG.Blazor.Client.dll
  HengcordTCG.Blazor.Client (Blazor output) -> D:\Projects\TCGBot\HengcordTCG.Blazor\HengcordTCG.Blazor.Client\bin\Debug\net10.0\wwwroot
C:\Program Files\dotnet\sdk-manifests\10.0.100\microsoft.net.workload.mono.toolchain.current\10.0.103\WorkloadManifest.targets(124,5): warning : @(NativeFileReference) is not empty, but the native references won't be linked in, because neither $(WasmBuildNative), nor $(RunAOTCompilation) are 'true'. NativeFileReference=C:\Users\kacpe\.nuget\packages\sqlitepclraw.lib.e_sqlite3\2.1.10\buildTransitive\net9.0\..\..\runtimes\browser-wasm\nativeassets\net9.0\e_sqlite3.a [D:\Projects\TCGBot\HengcordTCG.Blazor\HengcordTCG.Blazor.Client\HengcordTCG.Blazor.Client.csproj]
  HengcordTCG.Blazor -> D:\Projects\TCGBot\HengcordTCG.Blazor\bin\Debug\net10.0\HengcordTCG.Blazor.dll

Build succeeded.

D:\Projects\TCGBot\HengcordTCG.Blazor\HengcordTCG.Blazor.Client\Services\AuthService.cs(241,82): warning CS8604: Possible null reference argument for parameter 'token' in 'bool AuthService.ExtractIsAdminFromToken(string token)'. [D:\Projects\TCGBot\HengcordTCG.Blazor\HengcordTCG.Blazor.Client\HengcordTCG.Blazor.Client.csproj]
C:\Program Files\dotnet\sdk-manifests\10.0.100\microsoft.net.workload.mono.toolchain.current\10.0.103\WorkloadManifest.targets(124,5): warning : @(NativeFileReference) is not empty, but the native references won't be linked in, because neither $(WasmBuildNative), nor $(RunAOTCompilation) are 'true'. NativeFileReference=C:\Users\kacpe\.nuget\packages\sqlitepclraw.lib.e_sqlite3\2.1.10\buildTransitive\net9.0\..\..\runtimes\browser-wasm\nativeassets\net9.0\e_sqlite3.a [D:\Projects\TCGBot\HengcordTCG.Blazor\HengcordTCG.Blazor.Client\HengcordTCG.Blazor.Client.csproj]
    2 Warning(s)
    0 Error(s)

Time Elapsed 00:00:04.89
